≡ƒÜÇ Testing the Login & AI Task Generation Flow...

[1/3] Attempting to login with farmer@atlas.com...
Γ£à Login Successful! User: Farmer

[2/3] Calling AI Task Generation Endpoint...
Γ£à AI Simulation Generated Tasks Successfully!

[3/3] Retrieved Crop Calendar:
  Task 1: Planting of Suckers/Tissue Culture Plantlets
  ΓööΓöÇ Establish banana suckers or tissue culture plantlets in prepared soil.
  ΓööΓöÇ Due: 1/1/2025
  Task 2: Initial Fertilization and Weed Control
  ΓööΓöÇ Apply balanced NPK fertilizer and ensure the planting area is free of weeds.
  ΓööΓöÇ Due: 15/2/2025
  Task 3: First Desuckering and Pest Monitoring
  ΓööΓöÇ Remove excess suckers, leaving 1-2 healthy followers, and monitor for early signs of pests and diseases.
  ΓööΓöÇ Due: 1/4/2025
  Task 4: Second Fertilization and Propping Preparation
  ΓööΓöÇ Apply a second round of NPK fertilizer. Prepare materials for future bunch support.
  ΓööΓöÇ Due: 30/6/2025
  Task 5: Bunch Emergence, Bagging, and Propping
  ΓööΓöÇ Once the flower stalk emerges, bag the developing bunch to protect it, and provide physical support to the plant.
  ΓööΓöÇ Due: 29/8/2025
  Task 6: First Bunch Harvest
  ΓööΓöÇ Harvest mature banana bunches when fingers are well-filled and angularity is reduced.
  ΓööΓöÇ Due: 28/10/2025
  Task 7: Post-Harvest Ratooning Management
  ΓööΓöÇ Remove the harvested mother plant, select the best successor sucker, and apply post-harvest fertilizer.
  ΓööΓöÇ Due: 7/11/2025
